../Core/Src/main.c:144:13:sd_log_gps	704	static
../Core/Src/main.c:174:15:nmea_to_decimal	32	static
../Core/Src/main.c:195:13:parse_rmc_line	240	static
../Core/Src/main.c:255:13:gps_process_line_if_ready	192	static
../Core/Src/main.c:309:13:gps_start_receive	8	static
../Core/Src/main.c:316:13:sd_log_init	576	static
../Core/Src/main.c:340:6:LCD_Write	16	static
../Core/Src/main.c:354:6:LCD_Init	8	static
../Core/Src/main.c:372:6:LCD_SetCursor	24	static
../Core/Src/main.c:382:6:LCD_Print	16	static
../Core/Src/main.c:399:5:main	192	static
../Core/Src/main.c:579:6:SystemClock_Config	96	static
../Core/Src/main.c:624:13:MX_ADC1_Init	32	static
../Core/Src/main.c:682:13:MX_LPUART1_UART_Init	8	static
../Core/Src/main.c:730:13:MX_USART3_UART_Init	8	static
../Core/Src/main.c:778:13:MX_SPI1_Init	8	static
../Core/Src/main.c:818:13:MX_SPI2_Init	8	static
../Core/Src/main.c:858:13:MX_TIM1_Init	40	static
../Core/Src/main.c:905:13:MX_TIM2_Init	64	static
../Core/Src/main.c:968:13:MX_TIM5_Init	40	static
../Core/Src/main.c:1013:13:MX_TIM6_Init	24	static
../Core/Src/main.c:1051:13:MX_TIM15_Init	112	static
../Core/Src/main.c:1124:13:MX_DMA_Init	16	static
../Core/Src/main.c:1146:13:MX_GPIO_Init	56	static
../Core/Src/main.c:1359:1:__io_putchar	16	static
../Core/Src/main.c:1441:6:HAL_UART_RxCpltCallback	24	static
../Core/Src/main.c:1476:6:HAL_UART_ErrorCallback	16	static
../Core/Src/main.c:1501:6:Error_Handler	4	static,ignoring_inline_asm
